// Jest Snapshot v1, https://goo.gl/fbAQLP

exports[`should render Header correctly 1`] = `
<header>
  <div
    className="container__content_page"
  >
    <div
      className="box_content__left__container"
    >
      <div
        id="user__icon"
      >
        <FontAwesomeIcon
          border={false}
          className=""
          color="orange"
          fixedWidth={false}
          flip={null}
          icon={
            Object {
              "icon": Array [
                496,
                512,
                Array [],
                "f2bd",
                "M248 8C111 8 0 119 0 256s111 248 248 248 248-111 248-248S385 8 248 8zm0 96c48.6 0 88 39.4 88 88s-39.4 88-88 88-88-39.4-88-88 39.4-88 88-88zm0 344c-58.7 0-111.3-26.6-146.5-68.2 18.8-35.4 55.6-59.8 98.5-59.8 2.4 0 4.8.4 7.1 1.1 13 4.2 26.6 6.9 40.9 6.9 14.3 0 28-2.7 40.9-6.9 2.3-.7 4.7-1.1 7.1-1.1 42.9 0 79.7 24.4 98.5 59.8C359.3 421.4 306.7 448 248 448z",
              ],
              "iconName": "user-circle",
              "prefix": "fas",
            }
          }
          inverse={false}
          listItem={false}
          mask={null}
          pull={null}
          pulse={false}
          rotation={null}
          size="5x"
          spin={false}
          swapOpacity={false}
          symbol={false}
          title=""
          transform={null}
        />
      </div>
      <button
        onClick={[Function]}
      >
        <FontAwesomeIcon
          border={false}
          className=""
          fixedWidth={false}
          flip={null}
          icon={
            Object {
              "icon": Array [
                512,
                512,
                Array [],
                "f2f5",
                "M497 273L329 441c-15 15-41 4.5-41-17v-96H152c-13.3 0-24-10.7-24-24v-96c0-13.3 10.7-24 24-24h136V88c0-21.4 25.9-32 41-17l168 168c9.3 9.4 9.3 24.6 0 34zM192 436v-40c0-6.6-5.4-12-12-12H96c-17.7 0-32-14.3-32-32V160c0-17.7 14.3-32 32-32h84c6.6 0 12-5.4 12-12V76c0-6.6-5.4-12-12-12H96c-53 0-96 43-96 96v192c0 53 43 96 96 96h84c6.6 0 12-5.4 12-12z",
              ],
              "iconName": "sign-out-alt",
              "prefix": "fas",
            }
          }
          inverse={false}
          listItem={false}
          mask={null}
          pull={null}
          pulse={false}
          rotation={null}
          size="2x"
          spin={false}
          swapOpacity={false}
          symbol={false}
          title=""
          transform={null}
        />
      </button>
      <Link
        to="/dashboard"
      >
        <img
          className="box-content__title"
          src="/images/expensify-title.png"
        />
      </Link>
    </div>
  </div>
</header>
`;
